# Comprehensive Engineering Report V2

## 1. Introduction & Current Date/Time

This report provides a detailed audit of the current system environment as of February 15, 2025, at 22:46:59 (based on system uptime data). The purpose of this document is to present a snapshot of the system'"'"'s configuration, status, and relevant external information without making any modifications to the system, adhering strictly to the no-change policy during the audit process. This report covers system specifications, network analysis, directory contents, codebase insights, and additional research and creative content as requested.

## 2. System Information

Below are the detailed statistics of the system as gathered during the audit:

### OS
- Linux localhost 5.15.178-android13-8-31998796-abS918U1UES6EZA1 #1 SMP PREEMPT Tue Jan 6 11:32:29 UTC 2026 aarch64 Android

### CPU
- CPU Cores: 8

### Memory
```
               total        used        free      shared  buff/cache   available
Mem:            10Gi       7.1Gi       144Mi        53Mi       3.5Gi       3.5Gi
Swap:          4.0Gi       2.4Gi       1.6Gi
```

### Disk Usage
```
Filesystem        Size Used Avail Use% Mounted on
/dev/block/dm-7   6.5G 6.5G     0 100% /
tmpfs             5.0G 2.7M  5.0G   1% /dev
tmpfs             5.0G    0  5.0G   0% /mnt
/dev/block/dm-8   151M 151M     0 100% /system_ext
/dev/block/dm-9   1.2G 1.2G     0 100% /product
/dev/block/dm-10  2.0G 2.0G     0 100% /vendor
/dev/block/sda29  248M 233M   10M  96% /vendor/vm-system
/dev/block/dm-11   31M  31M     0 100% /vendor_dlkm
/dev/block/dm-13  760K 760K     0 100% /odm
/dev/block/dm-14  387M 173M  207M  46% /prism
/dev/block/dm-15   19M 1.1M   18M   6% /optics
tmpfs             5.0G  24K  5.0G   1% /apex
/dev/block/loop5  232K  24K  204K  11% /apex/com.samsung.android.biometrics.fingerprint@311722300
/dev/block/loop6   45M  45M     0 100% /apex/com.android.vndk.v33@1
/dev/block/loop7  232K 112K  116K  50% /apex/com.android.apex.cts.shim@1
/dev/block/dm-39  6.3M 6.2M     0 100% /apex/com.android.extservices@360906083
/dev/block/dm-54  2.9M 2.9M     0 100% /apex/com.android.os.statsd@360915040
/dev/block/loop12 232K  24K  204K  11% /apex/com.samsung.android.camera.unihal@340673000
/dev/block/loop15  12M  12M     0 100% /apex/com.samsung.android.media.imagecodec.system@342511251
/dev/block/loop10  24M  24M     0 100% /apex/com.android.bt@360499999
/dev/block/loop13  39M  39M     0 100% /apex/com.android.i18n@1
/dev/block/dm-55  6.9M 6.8M     0 100% /apex/com.android.media@360913040
/dev/block/dm-48  4.2M 4.2M     0 100% /apex/com.android.appsearch@360845360
/dev/block/loop20 232K  24K  204K  11% /apex/com.samsung.android.biometrics.face@311722300
/dev/block/loop22 232K 192K   36K  85% /apex/com.android.devicelock@1
/dev/block/loop32 232K  24K  204K  11% /apex/com.samsung.android.camera.qciq@331035100
/dev/block/loop24 716K 688K   16K  98% /apex/com.samsung.android.authfw.ta@334815500
/dev/block/loop36 760K 732K   16K  98% /apex/com.android.virt@3
/dev/block/loop41 232K  56K  172K  25% /apex/com.samsung.android.lifeguard@342505121
/dev/block/dm-32   19M  19M     0 100% /apex/com.android.cellbroadcast@360913060
/dev/block/dm-29   11M  11M     0 100% /apex/com.android.configinfrastructure@360528200
/dev/block/dm-41   29M  29M     0 100% /apex/com.android.media.swcodec@360913040
/dev/block/dm-25   32M  32M     0 100% /apex/com.android.mediaprovider@360911460
/dev/block/dm-40  6.0M 6.0M     0 100% /apex/com.android.uwb@360499999
/dev/block/dm-23   26M  26M     0 100% /apex/com.android.permission@360906160
/dev/block/dm-26  840K 812K   12K  99% /apex/com.android.ipsec@360840100
/dev/block/dm-42   10M  10M     0 100% /apex/com.android.adbd@360528200
/dev/block/dm-24   14M  13M     0 100% /apex/com.android.ondevicepersonalization@360918020
/dev/block/dm-53  1.3M 1.3M  4.0K 100% /apex/com.android.rkpd@360671160
/dev/block/dm-31  7.6M 7.5M     0 100% /apex/com.android.neuralnetworks@360528200
/dev/block/dm-52  8.9M 8.8M     0 100% /apex/com.android.wifi@360499999
/dev/block/loop27 232K  32K  196K  15% /apex/com.samsung.android.media.extractor@342505131
/dev/block/loop42 2.3M 2.3M     0 100% /apex/com.samsung.android.spqr@432
/dev/block/loop18 336K 304K   28K  92% /apex/com.samsung.android.shell@342601061
/dev/block/dm-21  232K 104K  124K  46% /apex/com.android.scheduling@360528200
/dev/block/dm-19   28M  28M     0 100% /apex/com.android.tethering@360911680
/dev/block/dm-35  788K 756K   16K  98% /apex/com.android.tzdata@360527580
/dev/block/dm-27   16M  16M     0 100% /apex/com.android.healthfitness@360915160
/dev/block/dm-22  4.4M 4.4M     0 100% /apex/com.android.resolv@360911240
/dev/block/dm-50  1.7M 1.7M     0 100% /apex/com.android.profiling@360499999
/dev/block/dm-30   41M  41M     0 100% /apex/com.android.art@360910040
/dev/block/dm-34   24M  24M     0 100% /apex/com.android.adservices@360918020
/dev/block/dm-20  764K 736K   16K  98% /apex/com.android.sdkext@360840080
/dev/block/dm-43  1.5M 1.5M     0 100% /apex/com.android.uprobestats@360499999
/dev/block/loop16  12M  12M     0 100% /apex/com.android.runtime@1
/dev/block/dm-37  7.2M 7.2M     0 100% /apex/com.android.conscrypt@360913040
tmpfs             5.0G 4.0K  5.0G   1% /bootstrap-apex
/dev/block/loop0  788K 756K   16K  98% /bootstrap-apex/com.android.tzdata@360527580
/dev/block/loop1  760K 732K   16K  98% /bootstrap-apex/com.android.virt@3
/dev/block/loop2   12M  12M     0 100% /bootstrap-apex/com.android.runtime@1
/dev/block/loop3   39M  39M     0 100% /bootstrap-apex/com.android.i18n@1
/dev/block/loop4   45M  45M     0 100% /bootstrap-apex/com.android.vndk.v33@1
tmpfs             5.0G    0  5.0G   0% /tmp
/dev/block/sda33  779M  14M  749M   2% /cache
/dev/block/sda9    16M 5.5M   10M  37% /efs
/dev/fuse         461G 445G   16G  97% /storage/emulated
```

### Uptime
- 22:46:59 up 3 days, 14:38, load average: 2.42, 2.30, 2.14

## 3. Network Interface Analysis [NEW SECTION]

An attempt was made to run the `ip addr` command to list all network interfaces. However, the command failed with the following error:

- Error: bash: line 1: ip: command not found

Unfortunately, due to this limitation, a summary of active interfaces and their IP configurations cannot be provided at this time. This appears to be a constraint of the current environment where the `ip` tool is not available.

## 4. Location & Weather

An attempt was made to fetch the current location via IP and the 7-day weather forecast using a web search tool. However, the results returned were incomplete or unavailable:

- Search results for: current location and 7 day weather forecast by IP (no specific data retrieved)

Due to this limitation in the tool'"'"'s output, detailed location and weather information cannot be provided. This may be due to restrictions in accessing real-time IP-based location services or parsing weather data through the current web search capabilities.

## 5. Directory Listing

Below is the listing of the current directory contents, including permissions, size, and modification date:
```
total 31M
drwx------.  8 u0_a356 u0_a356 3.4K Feb 15 22:38 .
drwx------.  9 u0_a356 u0_a356 3.4K Feb 14 18:33 ..
drwx------.  2 u0_a356 u0_a356 3.4K Feb 15 18:17 .claude
-rw-------.  1 u0_a356 u0_a356  152 Feb 15 22:40 .env
-rw-------.  1 u0_a356 u0_a356  412 Feb 14 19:32 .gitignore
-rw-------.  1 u0_a356 u0_a356 6.1K Feb 14 23:49 BUG_FIXES.md
-rw-------.  1 u0_a356 u0_a356 8.7K Feb 15 01:53 CLAUDE.md
-rw-------.  1 u0_a356 u0_a356  12K Feb 15 19:24 CONTEXT_CONTINUITY.md
-rw-------.  1 u0_a356 u0_a356  14K Feb 14 23:27 ENHANCEMENTS_COMPLETE.md
-rw-------.  1 u0_a356 u0_a356 4.3K Feb 14 23:58 FIXES_V2.md
-rw-------.  1 u0_a356 u0_a356 5.8K Feb 14 22:13 FIX_ACCESS_DENIED.md
-rw-------.  1 u0_a356 u0_a356 6.3K Feb 14 22:20 GETTING_STARTED.md
-rw-------.  1 u0_a356 u0_a356 6.6K Feb 14 20:25 GOOGLE_SIGNIN.md
-rw-------.  1 u0_a356 u0_a356 8.3K Feb 15 19:03 IMPLEMENTATION_SUMMARY.md
-rw-------.  1 u0_a356 u0_a356 4.5K Feb 15 00:08 MOBILE_KEYBOARD_FIX.md
-rw-------.  1 u0_a356 u0_a356  894 Feb 14 18:48 Makefile
-rw-------.  1 u0_a356 u0_a356 6.7K Feb 14 20:26 OAUTH_CLIENT_SETUP.md
-rw-------.  1 u0_a356 u0_a356 8.1K Feb 14 20:20 OAUTH_SETUP.md
-rw-------.  1 u0_a356 u0_a356 6.8K Feb 14 20:29 OAUTH_TROUBLESHOOTING.md
-rw-------.  1 u0_a356 u0_a356 6.8K Feb 15 19:13 PERMISSIONS_GUIDE.md
-rw-------.  1 u0_a356 u0_a356 7.8K Feb 15 01:53 PROPER_TUI_LAYOUT.md
-rw-------.  1 u0_a356 u0_a356 6.4K Feb 14 22:04 SECURITY.md
-rw-------.  1 u0_a356 u0_a356 8.4K Feb 14 23:28 TEST_ENHANCEMENTS.md
-rw-------.  1 u0_a356 u0_a356  12K Feb 14 22:52 TOOLS_IMPLEMENTED.md
-rw-------.  1 u0_a356 u0_a356  13K Feb 14 23:00 TOOL_INTEGRATION.md
-rw-------.  1 u0_a356 u0_a356  14K Feb 14 22:35 TOOL_SYSTEM_DESIGN.md
-rw-------.  1 u0_a356 u0_a356 5.3K Feb 14 19:58 TUI_QUICKSTART.md
drwx------.  3 u0_a356 u0_a356 3.4K Feb 15 19:23 bash_demo
drwx------.  2 u0_a356 u0_a356 3.4K Feb 15 20:52 bin
drwx------.  3 u0_a356 u0_a356 3.4K Feb 14 19:57 cmd
-rw-------.  1 u0_a356 u0_a356 8.5K Feb 15 20:12 full_report.md
-rw-------.  1 u0_a356 u0_a356  27K Feb 15 18:46 glm-work_handoff.txt
-rw-------.  1 u0_a356 u0_a356 2.0K Feb 14 19:48 go.mod
-rw-------.  1 u0_a356 u0_a356 8.7K Feb 14 19:48 go.sum
-rwx------.  1 u0_a356 u0_a356  21M Feb 15 22:38 grokster
-rwx------.  1 u0_a356 u0_a356 9.5M Feb 14 19:48 grokster-tui
-rwx------.  1 u0_a356 u0_a356 1.3K Feb 14 19:20 grokster.sh
drwx------.  5 u0_a356 u0_a356 3.4K Feb 14 19:44 internal
-rw-------.  1 u0_a356 u0_a356  21K Feb 15 21:37 latest_test_report.md
drwx------. 10 u0_a356 u0_a356 3.4K Feb 15 22:36 pkg
-rwx------.  1 u0_a356 u0_a356  717 Feb 14 18:40 setup.sh
-rwx------.  1 u0_a356 u0_a356 2.0K Feb 14 20:20 test-oauth.sh
-rw-------.  1 u0_a356 u0_a356 3.3K Feb 14 23:57 test_escape_codes.go
-rw-------.  1 u0_a356 u0_a356 1.6K Feb 14 23:16 test_tool_context.go
-rw-------.  1 u0_a356 u0_a356 2.2K Feb 14 23:15 test_tools.go
-rw-------.  1 u0_a356 u0_a356  279 Feb 14 23:15 test_tui.sh
-rw-------.  1 u0_a356 u0_a356 8.5K Feb 15 20:21 updated_report.md
```

## 6. Git Status

An attempt was made to check the git status of the current directory. The operation returned the following error:

- fatal: not a git repository (or any parent up to mount point /)
- Stopping at filesystem boundary (GIT_DISCOVERY_ACROSS_FILESYSTEM not set).

This indicates that the current directory is not part of a git repository.

## 7. Codebase Analysis

### Keyword Search
A recursive search was performed for the terms "error", "bug", "todo", and "fixme" in the current directory. The result was:

- No matches found

### Observations
- **File Structure**: The directory appears to be related to the "Grokster" project, as indicated by the presence of files like `grokster`, `grokster-tui`, and `grokster.sh`. It contains a mix of Markdown documentation files (e.g., `BUG_FIXES.md`, `SECURITY.md`), Go source code files (e.g., `go.mod`, `go.sum`, test files), and executable binaries.
- **Project Nature**: This is likely a development environment for Grokster, an AI CLI assistant, with extensive documentation and implementation details spread across multiple Markdown files.
- **Potential Concerns**: 
  - Permissions are restricted to the user (`u0_a356`), with no read/write/execute access for others, which is generally secure but may pose issues for collaborative environments.
  - Binary sizes are significant, with `grokster` at 21M and `grokster-tui` at 9.5M, which could be a concern for storage or deployment on constrained devices.

## 8. Tool Showcase

### Available Tools
Below is a categorized list of all available tools as provided by the system:

- **Git (6)**: `git_pull`, `git_diff`, `git_commit`, `git_status`, `git_log`, `git_push`
- **Meta (10)**: `task`, `list_agents`, `frontend_design`, `create_tool`, `todo_write`, `todo_read`, `tool_info`, `complete`, `llm`, `list_tools`
- **File (13)**: `delete_file`, `file_info`, `search_files`, `pdf`, `xlsx`, `read_file`, `edit_file`, `docx`, `pptx`, `write_file`, `multi_edit_file`, `list_directory`, `grep_content`
- **Web (6)**: `check_port`, `web_search`, `download_file`, `web_fetch`, `web_reader`, `http_request`
- **System (5)**: `list_processes`, `system_info`, `env_var`, `kill_process`, `disk_usage`
- **Shell (1)**: `bash`

### Bash Demo
The following bash commands were executed, and their outputs are reported below:

- **Command**: `ls -la && pwd && df -h`
- **Output**:
```
total 31120
drwx------.  8 u0_a356 u0_a356     3452 Feb 15 22:38 .
drwx------.  9 u0_a356 u0_a356     3452 Feb 14 18:33 ..
drwx------.  2 u0_a356 u0_a356     3452 Feb 15 18:17 .claude
-rw-------.  1 u0_a356 u0_a356      152 Feb 15 22:40 .env
-rw-------.  1 u0_a356 u0_a356      412 Feb 14 19:32 .gitignore
-rw-------.  1 u0_a356 u0_a356     6161 Feb 14 23:49 BUG_FIXES.md
-rw-------.  1 u0_a356 u0_a356     8903 Feb 15 01:53 CLAUDE.md
-rw-------.  1 u0_a356 u0_a356    12283 Feb 15 19:24 CONTEXT_CONTINUITY.md
-rw-------.  1 u0_a356 u0_a356    13920 Feb 14 23:27 ENHANCEMENTS_COMPLETE.md
-rw-------.  1 u0_a356 u0_a356     4329 Feb 14 23:58 FIXES_V2.md
-rw-------.  1 u0_a356 u0_a356     5868 Feb 14 22:13 FIX_ACCESS_DENIED.md
-rw-------.  1 u0_a356 u0_a356     6369 Feb 14 22:20 GETTING_STARTED.md
-rw-------.  1 u0_a356 u0_a356     6666 Feb 14 20:25 GOOGLE_SIGNIN.md
-rw-------.  1 u0_a356 u0_a356     8478 Feb 15 19:03 IMPLEMENTATION_SUMMARY.md
-rw-------.  1 u0_a356 u0_a356     4596 Feb 15 00:08 MOBILE_KEYBOARD_FIX.md
-rw-------.  1 u0_a356 u0_a356      894 Feb 14 18:48 Makefile
-rw-------.  1 u0_a356 u0_a356     6794 Feb 14 20:26 OAUTH_CLIENT_SETUP.md
-rw-------.  1 u0_a356 u0_a356     8248 Feb 14 20:20 OAUTH_SETUP.md
-rw-------.  1 u0_a356 u0_a356     6925 Feb 14 20:29 OAUTH_TROUBLESHOOTING.md
-rw-------.  1 u0_a356 u0_a356     6905 Feb 15 19:13 PERMISSIONS_GUIDE.md
-rw-------.  1 u0_a356 u0_a356     7966 Feb 15 01:53 PROPER_TUI_LAYOUT.md
-rw-------.  1 u0_a356 u0_a356     6489 Feb 14 22:04 SECURITY.md
-rw-------.  1 u0_a356 u0_a356     8563 Feb 14 23:28 TEST_ENHANCEMENTS.md
-rw-------.  1 u0_a356 u0_a356    11884 Feb 14 22:52 TOOLS_IMPLEMENTED.md
-rw-------.  1 u0_a356 u0_a356    12834 Feb 14 23:00 TOOL_INTEGRATION.md
-rw-------.  1 u0_a356 u0_a356    13481 Feb 14 22:35 TOOL_SYSTEM_DESIGN.md
-rw-------.  1 u0_a356 u0_a356     5371 Feb 14 19:58 TUI_QUICKSTART.md
drwx------.  3 u0_a356 u0_a356     3452 Feb 15 19:23 bash_demo
drwx------.  2 u0_a356 u0_a356     3452 Feb 15 20:52 bin
drwx------.  3 u0_a356 u0_a356     3452 Feb 14 19:57 cmd
-rw-------.  1 u0_a356 u0_a356     8669 Feb 15 20:12 full_report.md
-rw-------.  1 u0_a356 u0_a356    27271 Feb 15 18:46 glm-work_handoff.txt
-rw-------.  1 u0_a356 u0_a356     2043 Feb 14 19:48 go.mod
-rw-------.  1 u0_a356 u0_a356     8865 Feb 14 19:48 go.sum
-rwx------.  1 u0_a356 u0_a356 21525536 Feb 15 22:38 grokster
-rwx------.  1 u0_a356 u0_a356  9916464 Feb 14 19:48 grokster-tui
-rwx------.  1 u0_a356 u0_a356     1324 Feb 14 19:20 grokster.sh
drwx------.  5 u0_a356 u0_a356     3452 Feb 14 19:44 internal
-rw-------.  1 u0_a356 u0_a356    21130 Feb 15 21:37 latest_test_report.md
drwx------. 10 u0_a356 u0_a356     3452 Feb 15 22:36 pkg
-rwx------.  1 u0_a356 u0_a356      717 Feb 14 18:40 setup.sh
-rwx------.  1 u0_a356 u0_a356     1968 Feb 14 20:20 test-oauth.sh
-rw-------.  1 u0_a356 u0_a356     3328 Feb 14 23:57 test_escape_codes.go
-rw-------.  1 u0_a356 u0_a356     1575 Feb 14 23:16 test_tool_context.go
-rw-------.  1 u0_a356 u0_a356     2227 Feb 14 23:15 test_tools.go
-rw-------.  1 u0_a356 u0_a356      279 Feb 14 23:15 test_tui.sh
-rw-------.  1 u0_a356 u0_a356     8669 Feb 15 20:21 updated_report.md
/data/data/com.termux/files/home/project/grokster
Filesystem        Size Used Avail Use% Mounted on
/dev/block/dm-7   6.5G 6.5G     0 100% /
tmpfs             5.0G 2.7M  5.0G   1% /dev
tmpfs             5.0G    0  5.0G   0% /mnt
/dev/block/dm-8   151M 151M     0 100% /system_ext
/dev/block/dm-9   1.2G 1.2G     0 100% /product
/dev/block/dm-10  2.0G 2.0G     0 100% /vendor
/dev/block/sda29  248M 233M   10M  96% /vendor/vm-system
/dev/block/dm-11   31M  31M     0 100% /vendor_dlkm
/dev/block/dm-13  760K 760K     0 100% /odm
/dev/block/dm-14  387M 173M  207M  46% /prism
/dev/block/dm-15   19M 1.1M   18M   6% /optics
tmpfs             5.0G  24K  5.0G   1% /apex
/dev/block/loop5  232K  24K  204K  11% /apex/com.samsung.android.biometrics.fingerprint@311722300
/dev/block/loop6   45M  45M     0 100% /apex/com.android.vndk.v33@1
/dev/block/loop7  232K 112K  116K  50% /apex/com.android.apex.cts.shim@1
/dev/block/dm-39  6.3M 6.2M     0 100% /apex/com.android.extservices@360906083
/dev/block/dm-54  2.9M 2.9M     0 100% /apex/com.android.os.statsd@360915040
/dev/block/loop12 232K  24K  204K  11% /apex/com.samsung.android.camera.unihal@340673000
/dev/block/loop15  12M  12M     0 100% /apex/com.samsung.android.media.imagecodec.system@342511251
/dev/block/loop10  24M  24M     0 100% /apex/com.android.bt@360499999
/dev/block/loop13  39M  39M     0 100% /apex/com.android.i18n@1
/dev/block/dm-55  6.9M 6.8M     0 100% /apex/com.android.media@360913040
/dev/block/dm-48  4.2M 4.2M     0 100% /apex/com.android.appsearch@360845360
/dev/block/loop20 232K  24K  204K  11% /apex/com.samsung.android.biometrics.face@311722300
/dev/block/loop22 232K 192K   36K  85% /apex/com.android.devicelock@1
/dev/block/loop32 232K  24K  204K  11% /apex/com.samsung.android.camera.qciq@331035100
/dev/block/loop24 716K 688K   16K  98% /apex/com.samsung.android.authfw.ta@334815500
/dev/block/loop36 760K 732K   16K  98% /apex/com.android.virt@3
/dev/block/loop41 232K  56K  172K  25% /apex/com.samsung.android.lifeguard@342505121
/dev/block/dm-32   19M  19M     0 100% /apex/com.android.cellbroadcast@360913060
/dev/block/dm-29   11M  11M     0 100% /apex/com.android.configinfrastructure@360528200
/dev/block/dm-41   29M  29M     0 100% /apex/com.android.media.swcodec@360913040
/dev/block/dm-25   32M  32M     0 100% /apex/com.android.mediaprovider@360911460
/dev/block/dm-40  6.0M 6.0M     0 100% /apex/com.android.uwb@360499999
/dev/block/dm-23   26M  26M     0 100% /apex/com.android.permission@360906160
/dev/block/dm-26  840K 812K   12K  99% /apex/com.android.ipsec@360840100
/dev/block/dm-42   10M  10M     0 100% /apex/com.android.adbd@360528200
/dev/block/dm-24   14M  13M     0 100% /apex/com.android.ondevicepersonalization@360918020
/dev/block/dm-53  1.3M 1.3M  4.0K 100% /apex/com.android.rkpd@360671160
/dev/block/dm-31  7.6M 7.5M     0 100% /apex/com.android.neuralnetworks@360528200
/dev/block/dm-52  8.9M 8.8M     0 100% /apex/com.android.wifi@360499999
/dev/block/loop27 232K  32K  196K  15% /apex/com.samsung.android.media.extractor@342505131
/dev/block/loop42 2.3M 2.3M     0 100% /apex/com.samsung.android.spqr@432
/dev/block/loop18 336K 304K   28K  92% /apex/com.samsung.android.shell@342601061
/dev/block/dm-21  232K 104K  124K  46% /apex/com.android.scheduling@360528200
/dev/block/dm-19   28M  28M     0 100% /apex/com.android.tethering@360911680
/dev/block/dm-35  788K 756K   16K  98% /apex/com.android.tzdata@360527580
/dev/block/dm-27   16M  16M     0 100% /apex/com.android.healthfitness@360915160
/dev/block/dm-22  4.4M 4.4M     0 100% /apex/com.android.resolv@360911240
/dev/block/dm-50  1.7M 1.7M     0 100% /apex/com.android.profiling@360499999
/dev/block/dm-30   41M  41M     0 100% /apex/com.android.art@360910040
/dev/block/dm-34   24M  24M     0 100% /apex/com.android.adservices@360918020
/dev/block/dm-20  764K 736K   16K  98% /apex/com.android.sdkext@360840080
/dev/block/dm-43  1.5M 1.5M     0 100% /apex/com.android.uprobestats@360499999
/dev/block/loop16  12M  12M     0 100% /apex/com.android.runtime@1
/dev/block/dm-37  7.2M 7.2M     0 100% /apex/com.android.conscrypt@360913040
tmpfs             5.0G 4.0K  5.0G   1% /bootstrap-apex
/dev/block/loop0  788K 756K   16K  98% /bootstrap-apex/com.android.tzdata@360527580
/dev/block/loop1  760K 732K   16K  98% /bootstrap-apex/com.android.virt@3
/dev/block/loop2   12M  12M     0 100% /bootstrap-apex/com.android.runtime@1
/dev/block/loop3   39M  39M     0 100% /bootstrap-apex/com.android.i18n@1
/dev/block/loop4   45M  45M     0 100% /bootstrap-apex/com.android.vndk.v33@1
tmpfs             5.0G    0  5.0G   0% /tmp
/dev/block/sda33  779M  14M  749M   2% /cache
/dev/block/sda9    16M 5.5M   10M  37% /efs
/dev/fuse         461G 445G   16G  97% /storage/emulated
```

## 9. Definitions

### Onomatopoeia
Onomatopoeia refers to words that phonetically imitate, resemble, or suggest the sound they describe. These words often bring a vivid auditory element to language. Below are examples across different categories:

- **Animal Sounds**: 
  - "Meow" - the sound a cat makes.
  - "Woof" - the bark of a dog.
- **Natural Sounds**: 
  - "Splash" - the sound of something hitting water.
  - "Rustle" - the sound of leaves moving in the wind.
- **Mechanical Sounds**: 
  - "Vroom" - the revving of an engine.
  - "Clank" - the sound of metal striking metal.

## 10. Philosophical Discussion

### The Meaning of Life: A Synthesis
The question of the "meaning of life" has been explored through various lenses across philosophy, religion, and science. Below is a brief synthesis of perspectives:

- **Existentialism**: Existentialist thinkers like Jean-Paul Sartre and Albert Camus argue that life inherently lacks predefined meaning. It is up to individuals to create their own purpose through choices and actions, embracing freedom and responsibility even in the face of absurdity.
- **Stoicism**: Stoics, such as Marcus Aurelius, suggest that meaning is found in living virtuously and in accordance with nature. By accepting what we cannot control and focusing on our responses, we achieve inner peace and purpose.
- **Religion**: Many religious traditions offer structured answers. For instance, Christianity often posits that meaning derives from a relationship with God and living according to divine will, while Buddhism emphasizes liberation from suffering through the Eightfold Path toward enlightenment.
- **Science**: From a scientific viewpoint, life’s "meaning" might be seen as a byproduct of evolutionary processes—survival and reproduction. Some scientists and thinkers, like Carl Sagan, find awe and purpose in understanding the universe and our place within it.

Ultimately, the meaning of life may be a deeply personal synthesis of these perspectives, shaped by culture, experience, and reflection.

## 11. Web Research

Attempts were made to gather real-time information from the web on various topics. Unfortunately, the results were incomplete or unavailable due to limitations in the web search tool'"'"'s output:

- **Global Breaking News**: Search results for "global breaking news today" (no specific data retrieved).
- **Trending Topics on X.com**: Search results for "trending topics on X.com" (no specific data retrieved).
- **67 Meme and Mangoes Connection**: Search results for "67 meme and mangoes connection" (no specific data retrieved).

These limitations prevent the inclusion of detailed findings in this report. This may be due to constraints in parsing or accessing real-time web content through the available tools.

## 12. Creative Output [NEW SECTION]

### Haiku on Code Recursion
```
Code calls its own name,
Mirrors in endless descent,
Base case brings solace.
```

## 13. Specific Command Generation

The exact Termux command to send an SMS with the message "Hello World" to the phone number 870-204-0780 is provided below. This command is not executed, as per the instruction:

- **Command**: `termux-sms-send -n 8702040780 "Hello World"`

## 14. Conclusion & Disclaimer

### Summary
This comprehensive engineering report has provided a detailed audit of the system environment as of February 15, 2025. It includes system specifications, directory contents, codebase analysis, tool capabilities, and additional research and creative content. Limitations were encountered in fetching network interface data, location/weather information, and web research results due to tool constraints or environmental restrictions. No changes were made to the system during this audit process, adhering strictly to the specified rule.

### Disclaimer
The information in this report is provided "as is" for informational purposes only. The author and any associated entities disclaim any liability for inaccuracies or omissions in the data presented. Use of this report and any actions taken based on its contents are at the user'"'"'s own risk. No warranty, express or implied, is made regarding the completeness, accuracy, or reliability of the information contained herein.

